PHPUnit 11.5.55 by Sebastian Bergmann and contributors.

Runtime:       PHP 8.5.1
Configuration: C:\Users\LENOVO\Desktop\PFE\Spotlight\Spotlight\phpunit.xml

F.F....                                                             7 / 7 (100%)

Time: 00:02.270, Memory: 52.00 MB

There were 2 failures:

1) Tests\Feature\Auth\RegistrationTest::test_registration_screen_can_be_rendered
Expected response status code [200] but received 500.
Failed asserting that 500 is identical to 200.

The following exception occurred during the last request:

Illuminate\Foundation\ViteManifestNotFoundException: Vite manifest not found at: C:\Users\LENOVO\Desktop\PFE\Spotlight\Spotlight\public\build/manifest.json in C:\Users\LENOVO\Desktop\PFE\Spotlight\Spotlight\vendor\laravel\framework\src\Illuminate\Foundation\Vite.php:946
Stack trace:
#0 C:\Users\LENOVO\Desktop\PFE\Spotlight\Spotlight\vendor\laravel\framework\src\Illuminate\Foundation\Vite.php(384): Illuminate\Foundation\Vite->manifest('build')
#1 C:\Users\LENOVO\Desktop\PFE\Spotlight\Spotlight\storage\framework\views\ef4c708690bd8886442b2fcfd14aeb91.php(42): Illuminate\Foundation\Vite->__invoke(Object(Illuminate\Support\Collection))
#2 C:\Users\LENOVO\Desktop\PFE\Spotlight\Spotlight\vendor\laravel\framework\src\Illuminate\Filesystem\Filesystem.php(123): require('C:\\Users\\LENOVO...')
#3 C:\Users\LENOVO\Desktop\PFE\Spotlight\Spotlight\vendor\laravel\framework\src\Illuminate\Filesystem\Filesystem.php(124): Illuminate\Filesystem\Filesystem::{closure:Illuminate\Filesystem\Filesystem::getRequire():120}()
#4 C:\Users\LENOVO\Desktop\PFE\Spotlight\Spotlight\vendor\laravel\framework\src\Illuminate\View\Engines\PhpEngine.php(57): Illuminate\Filesystem\Filesystem->getRequire('C:\\Users\\LENOVO...', Array)
#5 C:\Users\LENOVO\Desktop\PFE\Spotlight\Spotlight\vendor\laravel\framework\src\Illuminate\View\Engines\CompilerEngine.php(76): Illuminate\View\Engines\PhpEngine->evaluatePath('C:\\Users\\LENOVO...', Array)
#6 C:\Users\LENOVO\Desktop\PFE\Spotlight\Spotlight\vendor\laravel\framework\src\Illuminate\View\View.php(208): Illuminate\View\Engines\CompilerEngine->get('C:\\Users\\LENOVO...', Array)
#7 C:\Users\LENOVO\Desktop\PFE\Spotlight\Spotlight\vendor\laravel\framework\src\Illuminate\View\View.php(191): Illuminate\View\View->getContents()
#8 C:\Users\LENOVO\Desktop\PFE\Spotlight\Spotlight\vendor\laravel\framework\src\Illuminate\View\View.php(160): Illuminate\View\View->renderContents()
#9 C:\Users\LENOVO\Desktop\PFE\Spotlight\Spotlight\vendor\laravel\framework\src\Illuminate\Http\Response.php(78): Illuminate\View\View->render()
#10 C:\Users\LENOVO\Desktop\PFE\Spotlight\Spotlight\vendor\laravel\framework\src\Illuminate\Http\Response.php(34): Illuminate\Http\Response->setContent(Object(Illuminate\View\View))
#11 C:\Users\LENOVO\Desktop\PFE\Spotlight\Spotlight\vendor\laravel\framework\src\Illuminate\Routing\ResponseFactory.php(61): Illuminate\Http\Response->__construct(Object(Illuminate\View\View), 200, Array)
#12 C:\Users\LENOVO\Desktop\PFE\Spotlight\Spotlight\vendor\laravel\framework\src\Illuminate\Routing\ResponseFactory.php(91): Illuminate\Routing\ResponseFactory->make(Object(Illuminate\View\View), 200, Array)
#13 C:\Users\LENOVO\Desktop\PFE\Spotlight\Spotlight\vendor\laravel\framework\src\Illuminate\Support\Facades\Facade.php(363): Illuminate\Routing\ResponseFactory->view('app', Array)
#14 C:\Users\LENOVO\Desktop\PFE\Spotlight\Spotlight\vendor\inertiajs\inertia-laravel\src\Response.php(219): Illuminate\Support\Facades\Facade::__callStatic('view', Array)
#15 C:\Users\LENOVO\Desktop\PFE\Spotlight\Spotlight\vendor\laravel\fortify\src\Http\Responses\SimpleViewResponse.php(56): Inertia\Response->toResponse(Object(Illuminate\Http\Request))
#16 C:\Users\LENOVO\Desktop\PFE\Spotlight\Spotlight\vendor\laravel\framework\src\Illuminate\Routing\Router.php(921): Laravel\Fortify\Http\Responses\SimpleViewResponse->toResponse(Object(Illuminate\Http\Request))
#17 C:\Users\LENOVO\Desktop\PFE\Spotlight\Spotlight\vendor\laravel\framework\src\Illuminate\Routing\Router.php(906): Illuminate\Routing\Router::toResponse(Object(Illuminate\Http\Request), Object(Laravel\Fortify\Http\Responses\SimpleViewResponse))
#18 C:\Users\LENOVO\Desktop\PFE\Spotlight\Spotlight\vendor\laravel\framework\src\Illuminate\Routing\Router.php(821): Illuminate\Routing\Router->prepareResponse(Object(Illuminate\Http\Request), Object(Laravel\Fortify\Http\Responses\SimpleViewResponse))
#19 C:\Users\LENOVO\Desktop\PFE\Spotlight\Spotlight\vendor\laravel\framework\src\Illuminate\Pipeline\Pipeline.php(180): Illuminate\Routing\Router->{closure:Illuminate\Routing\Router::runRouteWithinStack():821}(Object(Illuminate\Http\Request))
#20 C:\Users\LENOVO\Desktop\PFE\Spotlight\Spotlight\vendor\laravel\framework\src\Illuminate\Auth\Middleware\RedirectIfAuthenticated.php(47): Illuminate\Pipeline\Pipeline->{closure:Illuminate\Pipeline\Pipeline::prepareDestination():178}(Object(Illuminate\Http\Request))
#21 C:\Users\LENOVO\Desktop\PFE\Spotlight\Spotlight\vendor\laravel\framework\src\Illuminate\Pipeline\Pipeline.php(219): Illuminate\Auth\Middleware\RedirectIfAuthenticated->handle(Object(Illuminate\Http\Request), Object(Closure), 'web')
#22 C:\Users\LENOVO\Desktop\PFE\Spotlight\Spotlight\vendor\laravel\framework\src\Illuminate\Http\Middleware\AddLinkHeadersForPreloadedAssets.php(32): Illuminate\Pipeline\Pipeline->{closure:{closure:Illuminate\Pipeline\Pipeline::carry():194}:195}(Object(Illuminate\Http\Request))
#23 C:\Users\LENOVO\Desktop\PFE\Spotlight\Spotlight\vendor\laravel\framework\src\Illuminate\Pipeline\Pipeline.php(219): Illuminate\Http\Middleware\AddLinkHeadersForPreloadedAssets->handle(Object(Illuminate\Http\Request), Object(Closure))
#24 C:\Users\LENOVO\Desktop\PFE\Spotlight\Spotlight\vendor\inertiajs\inertia-laravel\src\Middleware.php(122): Illuminate\Pipeline\Pipeline->{closure:{closure:Illuminate\Pipeline\Pipeline::carry():194}:195}(Object(Illuminate\Http\Request))
#25 C:\Users\LENOVO\Desktop\PFE\Spotlight\Spotlight\vendor\laravel\framework\src\Illuminate\Pipeline\Pipeline.php(219): Inertia\Middleware->handle(Object(Illuminate\Http\Request), Object(Closure))
#26 C:\Users\LENOVO\Desktop\PFE\Spotlight\Spotlight\app\Http\Middleware\HandleAppearance.php(21): Illuminate\Pipeline\Pipeline->{closure:{closure:Illuminate\Pipeline\Pipeline::carry():194}:195}(Object(Illuminate\Http\Request))
#27 C:\Users\LENOVO\Desktop\PFE\Spotlight\Spotlight\vendor\laravel\framework\src\Illuminate\Pipeline\Pipeline.php(219): App\Http\Middleware\HandleAppearance->handle(Object(Illuminate\Http\Request), Object(Closure))
#28 C:\Users\LENOVO\Desktop\PFE\Spotlight\Spotlight\vendor\laravel\framework\src\Illuminate\Routing\Middleware\SubstituteBindings.php(50): Illuminate\Pipeline\Pipeline->{closure:{closure:Illuminate\Pipeline\Pipeline::carry():194}:195}(Object(Illuminate\Http\Request))
#29 C:\Users\LENOVO\Desktop\PFE\Spotlight\Spotlight\vendor\laravel\framework\src\Illuminate\Pipeline\Pipeline.php(219): Illuminate\Routing\Middleware\SubstituteBindings->handle(Object(Illuminate\Http\Request), Object(Closure))
#30 C:\Users\LENOVO\Desktop\PFE\Spotlight\Spotlight\vendor\laravel\framework\src\Illuminate\Foundation\Http\Middleware\VerifyCsrfToken.php(87): Illuminate\Pipeline\Pipeline->{closure:{closure:Illuminate\Pipeline\Pipeline::carry():194}:195}(Object(Illuminate\Http\Request))
#31 C:\Users\LENOVO\Desktop\PFE\Spotlight\Spotlight\vendor\laravel\framework\src\Illuminate\Pipeline\Pipeline.php(219): Illuminate\Foundation\Http\Middleware\VerifyCsrfToken->handle(Object(Illuminate\Http\Request), Object(Closure))
#32 C:\Users\LENOVO\Desktop\PFE\Spotlight\Spotlight\vendor\laravel\framework\src\Illuminate\View\Middleware\ShareErrorsFromSession.php(48): Illuminate\Pipeline\Pipeline->{closure:{closure:Illuminate\Pipeline\Pipeline::carry():194}:195}(Object(Illuminate\Http\Request))
#33 C:\Users\LENOVO\Desktop\PFE\Spotlight\Spotlight\vendor\laravel\framework\src\Illuminate\Pipeline\Pipeline.php(219): Illuminate\View\Middleware\ShareErrorsFromSession->handle(Object(Illuminate\Http\Request), Object(Closure))
#34 C:\Users\LENOVO\Desktop\PFE\Spotlight\Spotlight\vendor\laravel\framework\src\Illuminate\Session\Middleware\StartSession.php(120): Illuminate\Pipeline\Pipeline->{closure:{closure:Illuminate\Pipeline\Pipeline::carry():194}:195}(Object(Illuminate\Http\Request))
#35 C:\Users\LENOVO\Desktop\PFE\Spotlight\Spotlight\vendor\laravel\framework\src\Illuminate\Session\Middleware\StartSession.php(63): Illuminate\Session\Middleware\StartSession->handleStatefulRequest(Object(Illuminate\Http\Request), Object(Illuminate\Session\Store), Object(Closure))
#36 C:\Users\LENOVO\Desktop\PFE\Spotlight\Spotlight\vendor\laravel\framework\src\Illuminate\Pipeline\Pipeline.php(219): Illuminate\Session\Middleware\StartSession->handle(Object(Illuminate\Http\Request), Object(Closure))
#37 C:\Users\LENOVO\Desktop\PFE\Spotlight\Spotlight\vendor\laravel\framework\src\Illuminate\Cookie\Middleware\AddQueuedCookiesToResponse.php(36): Illuminate\Pipeline\Pipeline->{closure:{closure:Illuminate\Pipeline\Pipeline::carry():194}:195}(Object(Illuminate\Http\Request))
#38 C:\Users\LENOVO\Desktop\PFE\Spotlight\Spotlight\vendor\laravel\framework\src\Illuminate\Pipeline\Pipeline.php(219): Illuminate\Cookie\Middleware\AddQueuedCookiesToResponse->handle(Object(Illuminate\Http\Request), Object(Closure))
#39 C:\Users\LENOVO\Desktop\PFE\Spotlight\Spotlight\vendor\laravel\framework\src\Illuminate\Cookie\Middleware\EncryptCookies.php(74): Illuminate\Pipeline\Pipeline->{closure:{closure:Illuminate\Pipeline\Pipeline::carry():194}:195}(Object(Illuminate\Http\Request))
#40 C:\Users\LENOVO\Desktop\PFE\Spotlight\Spotlight\vendor\laravel\framework\src\Illuminate\Pipeline\Pipeline.php(219): Illuminate\Cookie\Middleware\EncryptCookies->handle(Object(Illuminate\Http\Request), Object(Closure))
#41 C:\Users\LENOVO\Desktop\PFE\Spotlight\Spotlight\vendor\laravel\framework\src\Illuminate\Pipeline\Pipeline.php(137): Illuminate\Pipeline\Pipeline->{closure:{closure:Illuminate\Pipeline\Pipeline::carry():194}:195}(Object(Illuminate\Http\Request))
#42 C:\Users\LENOVO\Desktop\PFE\Spotlight\Spotlight\vendor\laravel\framework\src\Illuminate\Routing\Router.php(821): Illuminate\Pipeline\Pipeline->then(Object(Closure))
#43 C:\Users\LENOVO\Desktop\PFE\Spotlight\Spotlight\vendor\laravel\framework\src\Illuminate\Routing\Router.php(800): Illuminate\Routing\Router->runRouteWithinStack(Object(Illuminate\Routing\Route), Object(Illuminate\Http\Request))
#44 C:\Users\LENOVO\Desktop\PFE\Spotlight\Spotlight\vendor\laravel\framework\src\Illuminate\Routing\Router.php(764): Illuminate\Routing\Router->runRoute(Object(Illuminate\Http\Request), Object(Illuminate\Routing\Route))
#45 C:\Users\LENOVO\Desktop\PFE\Spotlight\Spotlight\vendor\laravel\framework\src\Illuminate\Routing\Router.php(753): Illuminate\Routing\Router->dispatchToRoute(Object(Illuminate\Http\Request))
#46 C:\Users\LENOVO\Desktop\PFE\Spotlight\Spotlight\vendor\laravel\framework\src\Illuminate\Foundation\Http\Kernel.php(200): Illuminate\Routing\Router->dispatch(Object(Illuminate\Http\Request))
#47 C:\Users\LENOVO\Desktop\PFE\Spotlight\Spotlight\vendor\laravel\framework\src\Illuminate\Pipeline\Pipeline.php(180): Illuminate\Foundation\Http\Kernel->{closure:Illuminate\Foundation\Http\Kernel::dispatchToRouter():197}(Object(Illuminate\Http\Request))
#48 C:\Users\LENOVO\Desktop\PFE\Spotlight\Spotlight\vendor\laravel\framework\src\Illuminate\Foundation\Http\Middleware\TransformsRequest.php(21): Illuminate\Pipeline\Pipeline->{closure:Illuminate\Pipeline\Pipeline::prepareDestination():178}(Object(Illuminate\Http\Request))
#49 C:\Users\LENOVO\Desktop\PFE\Spotlight\Spotlight\vendor\laravel\framework\src\Illuminate\Foundation\Http\Middleware\ConvertEmptyStringsToNull.php(31): Illuminate\Foundation\Http\Middleware\TransformsRequest->handle(Object(Illuminate\Http\Request), Object(Closure))
#50 C:\Users\LENOVO\Desktop\PFE\Spotlight\Spotlight\vendor\laravel\framework\src\Illuminate\Pipeline\Pipeline.php(219): Illuminate\Foundation\Http\Middleware\ConvertEmptyStringsToNull->handle(Object(Illuminate\Http\Request), Object(Closure))
#51 C:\Users\LENOVO\Desktop\PFE\Spotlight\Spotlight\vendor\laravel\framework\src\Illuminate\Foundation\Http\Middleware\TransformsRequest.php(21): Illuminate\Pipeline\Pipeline->{closure:{closure:Illuminate\Pipeline\Pipeline::carry():194}:195}(Object(Illuminate\Http\Request))
#52 C:\Users\LENOVO\Desktop\PFE\Spotlight\Spotlight\vendor\laravel\framework\src\Illuminate\Foundation\Http\Middleware\TrimStrings.php(51): Illuminate\Foundation\Http\Middleware\TransformsRequest->handle(Object(Illuminate\Http\Request), Object(Closure))
#53 C:\Users\LENOVO\Desktop\PFE\Spotlight\Spotlight\vendor\laravel\framework\src\Illuminate\Pipeline\Pipeline.php(219): Illuminate\Foundation\Http\Middleware\TrimStrings->handle(Object(Illuminate\Http\Request), Object(Closure))
#54 C:\Users\LENOVO\Desktop\PFE\Spotlight\Spotlight\vendor\laravel\framework\src\Illuminate\Http\Middleware\ValidatePostSize.php(27): Illuminate\Pipeline\Pipeline->{closure:{closure:Illuminate\Pipeline\Pipeline::carry():194}:195}(Object(Illuminate\Http\Request))
#55 C:\Users\LENOVO\Desktop\PFE\Spotlight\Spotlight\vendor\laravel\framework\src\Illuminate\Pipeline\Pipeline.php(219): Illuminate\Http\Middleware\ValidatePostSize->handle(Object(Illuminate\Http\Request), Object(Closure))
#56 C:\Users\LENOVO\Desktop\PFE\Spotlight\Spotlight\vendor\laravel\framework\src\Illuminate\Foundation\Http\Middleware\PreventRequestsDuringMaintenance.php(109): Illuminate\Pipeline\Pipeline->{closure:{closure:Illuminate\Pipeline\Pipeline::carry():194}:195}(Object(Illuminate\Http\Request))
#57 C:\Users\LENOVO\Desktop\PFE\Spotlight\Spotlight\vendor\laravel\framework\src\Illuminate\Pipeline\Pipeline.php(219): Illuminate\Foundation\Http\Middleware\PreventRequestsDuringMaintenance->handle(Object(Illuminate\Http\Request), Object(Closure))
#58 C:\Users\LENOVO\Desktop\PFE\Spotlight\Spotlight\vendor\laravel\framework\src\Illuminate\Http\Middleware\HandleCors.php(61): Illuminate\Pipeline\Pipeline->{closure:{closure:Illuminate\Pipeline\Pipeline::carry():194}:195}(Object(Illuminate\Http\Request))
#59 C:\Users\LENOVO\Desktop\PFE\Spotlight\Spotlight\vendor\laravel\framework\src\Illuminate\Pipeline\Pipeline.php(219): Illuminate\Http\Middleware\HandleCors->handle(Object(Illuminate\Http\Request), Object(Closure))
#60 C:\Users\LENOVO\Desktop\PFE\Spotlight\Spotlight\vendor\laravel\framework\src\Illuminate\Http\Middleware\TrustProxies.php(58): Illuminate\Pipeline\Pipeline->{closure:{closure:Illuminate\Pipeline\Pipeline::carry():194}:195}(Object(Illuminate\Http\Request))
#61 C:\Users\LENOVO\Desktop\PFE\Spotlight\Spotlight\vendor\laravel\framework\src\Illuminate\Pipeline\Pipeline.php(219): Illuminate\Http\Middleware\TrustProxies->handle(Object(Illuminate\Http\Request), Object(Closure))
#62 C:\Users\LENOVO\Desktop\PFE\Spotlight\Spotlight\vendor\laravel\framework\src\Illuminate\Foundation\Http\Middleware\InvokeDeferredCallbacks.php(22): Illuminate\Pipeline\Pipeline->{closure:{closure:Illuminate\Pipeline\Pipeline::carry():194}:195}(Object(Illuminate\Http\Request))
#63 C:\Users\LENOVO\Desktop\PFE\Spotlight\Spotlight\vendor\laravel\framework\src\Illuminate\Pipeline\Pipeline.php(219): Illuminate\Foundation\Http\Middleware\InvokeDeferredCallbacks->handle(Object(Illuminate\Http\Request), Object(Closure))
#64 C:\Users\LENOVO\Desktop\PFE\Spotlight\Spotlight\vendor\laravel\framework\src\Illuminate\Http\Middleware\ValidatePathEncoding.php(26): Illuminate\Pipeline\Pipeline->{closure:{closure:Illuminate\Pipeline\Pipeline::carry():194}:195}(Object(Illuminate\Http\Request))
#65 C:\Users\LENOVO\Desktop\PFE\Spotlight\Spotlight\vendor\laravel\framework\src\Illuminate\Pipeline\Pipeline.php(219): Illuminate\Http\Middleware\ValidatePathEncoding->handle(Object(Illuminate\Http\Request), Object(Closure))
#66 C:\Users\LENOVO\Desktop\PFE\Spotlight\Spotlight\vendor\laravel\framework\src\Illuminate\Pipeline\Pipeline.php(137): Illuminate\Pipeline\Pipeline->{closure:{closure:Illuminate\Pipeline\Pipeline::carry():194}:195}(Object(Illuminate\Http\Request))
#67 C:\Users\LENOVO\Desktop\PFE\Spotlight\Spotlight\vendor\laravel\framework\src\Illuminate\Foundation\Http\Kernel.php(175): Illuminate\Pipeline\Pipeline->then(Object(Closure))
#68 C:\Users\LENOVO\Desktop\PFE\Spotlight\Spotlight\vendor\laravel\framework\src\Illuminate\Foundation\Http\Kernel.php(144): Illuminate\Foundation\Http\Kernel->sendRequestThroughRouter(Object(Illuminate\Http\Request))
#69 C:\Users\LENOVO\Desktop\PFE\Spotlight\Spotlight\vendor\laravel\framework\src\Illuminate\Foundation\Testing\Concerns\MakesHttpRequests.php(607): Illuminate\Foundation\Http\Kernel->handle(Object(Illuminate\Http\Request))
#70 C:\Users\LENOVO\Desktop\PFE\Spotlight\Spotlight\vendor\laravel\framework\src\Illuminate\Foundation\Testing\Concerns\MakesHttpRequests.php(368): Illuminate\Foundation\Testing\TestCase->call('GET', '/register', Array, Array, Array, Array)
#71 C:\Users\LENOVO\Desktop\PFE\Spotlight\Spotlight\tests\Feature\Auth\RegistrationTest.php(14): Illuminate\Foundation\Testing\TestCase->get('/register')
#72 C:\Users\LENOVO\Desktop\PFE\Spotlight\Spotlight\vendor\phpunit\phpunit\src\Framework\TestCase.php(1667): Tests\Feature\Auth\RegistrationTest->test_registration_screen_can_be_rendered()
#73 C:\Users\LENOVO\Desktop\PFE\Spotlight\Spotlight\vendor\phpunit\phpunit\src\Framework\TestCase.php(519): PHPUnit\Framework\TestCase->runTest()
#74 C:\Users\LENOVO\Desktop\PFE\Spotlight\Spotlight\vendor\phpunit\phpunit\src\Framework\TestRunner\TestRunner.php(87): PHPUnit\Framework\TestCase->runBare()
#75 C:\Users\LENOVO\Desktop\PFE\Spotlight\Spotlight\vendor\phpunit\phpunit\src\Framework\TestCase.php(365): PHPUnit\Framework\TestRunner->run(Object(Tests\Feature\Auth\RegistrationTest))
#76 C:\Users\LENOVO\Desktop\PFE\Spotlight\Spotlight\vendor\phpunit\phpunit\src\Framework\TestSuite.php(369): PHPUnit\Framework\TestCase->run()
#77 C:\Users\LENOVO\Desktop\PFE\Spotlight\Spotlight\vendor\phpunit\phpunit\src\Framework\TestSuite.php(369): PHPUnit\Framework\TestSuite->run()
#78 C:\Users\LENOVO\Desktop\PFE\Spotlight\Spotlight\vendor\phpunit\phpunit\src\TextUI\TestRunner.php(64): PHPUnit\Framework\TestSuite->run()
#79 C:\Users\LENOVO\Desktop\PFE\Spotlight\Spotlight\vendor\phpunit\phpunit\src\TextUI\Application.php(211): PHPUnit\TextUI\TestRunner->run(Object(PHPUnit\TextUI\Configuration\Configuration), Object(PHPUnit\Runner\ResultCache\DefaultResultCache), Object(PHPUnit\Framework\TestSuite))
#80 C:\Users\LENOVO\Desktop\PFE\Spotlight\Spotlight\vendor\phpunit\phpunit\phpunit(104): PHPUnit\TextUI\Application->run(Array)
#81 C:\Users\LENOVO\Desktop\PFE\Spotlight\Spotlight\vendor\bin\phpunit(122): include('C:\\Users\\LENOVO...')
#82 {main}

Next Illuminate\View\ViewException: Vite manifest not found at: C:\Users\LENOVO\Desktop\PFE\Spotlight\Spotlight\public\build/manifest.json (View: C:\Users\LENOVO\Desktop\PFE\Spotlight\Spotlight\resources\views\app.blade.php) in C:\Users\LENOVO\Desktop\PFE\Spotlight\Spotlight\vendor\laravel\framework\src\Illuminate\Foundation\Vite.php:946
Stack trace:
#0 C:\Users\LENOVO\Desktop\PFE\Spotlight\Spotlight\vendor\laravel\framework\src\Illuminate\View\Engines\PhpEngine.php(59): Illuminate\View\Engines\CompilerEngine->handleViewException(Object(Illuminate\Foundation\ViteManifestNotFoundException), 1)
#1 C:\Users\LENOVO\Desktop\PFE\Spotlight\Spotlight\vendor\laravel\framework\src\Illuminate\View\Engines\CompilerEngine.php(76): Illuminate\View\Engines\PhpEngine->evaluatePath('C:\\Users\\LENOVO...', Array)
#2 C:\Users\LENOVO\Desktop\PFE\Spotlight\Spotlight\vendor\laravel\framework\src\Illuminate\View\View.php(208): Illuminate\View\Engines\CompilerEngine->get('C:\\Users\\LENOVO...', Array)
#3 C:\Users\LENOVO\Desktop\PFE\Spotlight\Spotlight\vendor\laravel\framework\src\Illuminate\View\View.php(191): Illuminate\View\View->getContents()
#4 C:\Users\LENOVO\Desktop\PFE\Spotlight\Spotlight\vendor\laravel\framework\src\Illuminate\View\View.php(160): Illuminate\View\View->renderContents()
#5 C:\Users\LENOVO\Desktop\PFE\Spotlight\Spotlight\vendor\laravel\framework\src\Illuminate\Http\Response.php(78): Illuminate\View\View->render()
#6 C:\Users\LENOVO\Desktop\PFE\Spotlight\Spotlight\vendor\laravel\framework\src\Illuminate\Http\Response.php(34): Illuminate\Http\Response->setContent(Object(Illuminate\View\View))
#7 C:\Users\LENOVO\Desktop\PFE\Spotlight\Spotlight\vendor\laravel\framework\src\Illuminate\Routing\ResponseFactory.php(61): Illuminate\Http\Response->__construct(Object(Illuminate\View\View), 200, Array)
#8 C:\Users\LENOVO\Desktop\PFE\Spotlight\Spotlight\vendor\laravel\framework\src\Illuminate\Routing\ResponseFactory.php(91): Illuminate\Routing\ResponseFactory->make(Object(Illuminate\View\View), 200, Array)
#9 C:\Users\LENOVO\Desktop\PFE\Spotlight\Spotlight\vendor\laravel\framework\src\Illuminate\Support\Facades\Facade.php(363): Illuminate\Routing\ResponseFactory->view('app', Array)
#10 C:\Users\LENOVO\Desktop\PFE\Spotlight\Spotlight\vendor\inertiajs\inertia-laravel\src\Response.php(219): Illuminate\Support\Facades\Facade::__callStatic('view', Array)
#11 C:\Users\LENOVO\Desktop\PFE\Spotlight\Spotlight\vendor\laravel\fortify\src\Http\Responses\SimpleViewResponse.php(56): Inertia\Response->toResponse(Object(Illuminate\Http\Request))
#12 C:\Users\LENOVO\Desktop\PFE\Spotlight\Spotlight\vendor\laravel\framework\src\Illuminate\Routing\Router.php(921): Laravel\Fortify\Http\Responses\SimpleViewResponse->toResponse(Object(Illuminate\Http\Request))
#13 C:\Users\LENOVO\Desktop\PFE\Spotlight\Spotlight\vendor\laravel\framework\src\Illuminate\Routing\Router.php(906): Illuminate\Routing\Router::toResponse(Object(Illuminate\Http\Request), Object(Laravel\Fortify\Http\Responses\SimpleViewResponse))
#14 C:\Users\LENOVO\Desktop\PFE\Spotlight\Spotlight\vendor\laravel\framework\src\Illuminate\Routing\Router.php(821): Illuminate\Routing\Router->prepareResponse(Object(Illuminate\Http\Request), Object(Laravel\Fortify\Http\Responses\SimpleViewResponse))
#15 C:\Users\LENOVO\Desktop\PFE\Spotlight\Spotlight\vendor\laravel\framework\src\Illuminate\Pipeline\Pipeline.php(180): Illuminate\Routing\Router->{closure:Illuminate\Routing\Router::runRouteWithinStack():821}(Object(Illuminate\Http\Request))
#16 C:\Users\LENOVO\Desktop\PFE\Spotlight\Spotlight\vendor\laravel\framework\src\Illuminate\Auth\Middleware\RedirectIfAuthenticated.php(47): Illuminate\Pipeline\Pipeline->{closure:Illuminate\Pipeline\Pipeline::prepareDestination():178}(Object(Illuminate\Http\Request))
#17 C:\Users\LENOVO\Desktop\PFE\Spotlight\Spotlight\vendor\laravel\framework\src\Illuminate\Pipeline\Pipeline.php(219): Illuminate\Auth\Middleware\RedirectIfAuthenticated->handle(Object(Illuminate\Http\Request), Object(Closure), 'web')
#18 C:\Users\LENOVO\Desktop\PFE\Spotlight\Spotlight\vendor\laravel\framework\src\Illuminate\Http\Middleware\AddLinkHeadersForPreloadedAssets.php(32): Illuminate\Pipeline\Pipeline->{closure:{closure:Illuminate\Pipeline\Pipeline::carry():194}:195}(Object(Illuminate\Http\Request))
#19 C:\Users\LENOVO\Desktop\PFE\Spotlight\Spotlight\vendor\laravel\framework\src\Illuminate\Pipeline\Pipeline.php(219): Illuminate\Http\Middleware\AddLinkHeadersForPreloadedAssets->handle(Object(Illuminate\Http\Request), Object(Closure))
#20 C:\Users\LENOVO\Desktop\PFE\Spotlight\Spotlight\vendor\inertiajs\inertia-laravel\src\Middleware.php(122): Illuminate\Pipeline\Pipeline->{closure:{closure:Illuminate\Pipeline\Pipeline::carry():194}:195}(Object(Illuminate\Http\Request))
#21 C:\Users\LENOVO\Desktop\PFE\Spotlight\Spotlight\vendor\laravel\framework\src\Illuminate\Pipeline\Pipeline.php(219): Inertia\Middleware->handle(Object(Illuminate\Http\Request), Object(Closure))
#22 C:\Users\LENOVO\Desktop\PFE\Spotlight\Spotlight\app\Http\Middleware\HandleAppearance.php(21): Illuminate\Pipeline\Pipeline->{closure:{closure:Illuminate\Pipeline\Pipeline::carry():194}:195}(Object(Illuminate\Http\Request))
#23 C:\Users\LENOVO\Desktop\PFE\Spotlight\Spotlight\vendor\laravel\framework\src\Illuminate\Pipeline\Pipeline.php(219): App\Http\Middleware\HandleAppearance->handle(Object(Illuminate\Http\Request), Object(Closure))
#24 C:\Users\LENOVO\Desktop\PFE\Spotlight\Spotlight\vendor\laravel\framework\src\Illuminate\Routing\Middleware\SubstituteBindings.php(50): Illuminate\Pipeline\Pipeline->{closure:{closure:Illuminate\Pipeline\Pipeline::carry():194}:195}(Object(Illuminate\Http\Request))
#25 C:\Users\LENOVO\Desktop\PFE\Spotlight\Spotlight\vendor\laravel\framework\src\Illuminate\Pipeline\Pipeline.php(219): Illuminate\Routing\Middleware\SubstituteBindings->handle(Object(Illuminate\Http\Request), Object(Closure))
#26 C:\Users\LENOVO\Desktop\PFE\Spotlight\Spotlight\vendor\laravel\framework\src\Illuminate\Foundation\Http\Middleware\VerifyCsrfToken.php(87): Illuminate\Pipeline\Pipeline->{closure:{closure:Illuminate\Pipeline\Pipeline::carry():194}:195}(Object(Illuminate\Http\Request))
#27 C:\Users\LENOVO\Desktop\PFE\Spotlight\Spotlight\vendor\laravel\framework\src\Illuminate\Pipeline\Pipeline.php(219): Illuminate\Foundation\Http\Middleware\VerifyCsrfToken->handle(Object(Illuminate\Http\Request), Object(Closure))
#28 C:\Users\LENOVO\Desktop\PFE\Spotlight\Spotlight\vendor\laravel\framework\src\Illuminate\View\Middleware\ShareErrorsFromSession.php(48): Illuminate\Pipeline\Pipeline->{closure:{closure:Illuminate\Pipeline\Pipeline::carry():194}:195}(Object(Illuminate\Http\Request))
#29 C:\Users\LENOVO\Desktop\PFE\Spotlight\Spotlight\vendor\laravel\framework\src\Illuminate\Pipeline\Pipeline.php(219): Illuminate\View\Middleware\ShareErrorsFromSession->handle(Object(Illuminate\Http\Request), Object(Closure))
#30 C:\Users\LENOVO\Desktop\PFE\Spotlight\Spotlight\vendor\laravel\framework\src\Illuminate\Session\Middleware\StartSession.php(120): Illuminate\Pipeline\Pipeline->{closure:{closure:Illuminate\Pipeline\Pipeline::carry():194}:195}(Object(Illuminate\Http\Request))
#31 C:\Users\LENOVO\Desktop\PFE\Spotlight\Spotlight\vendor\laravel\framework\src\Illuminate\Session\Middleware\StartSession.php(63): Illuminate\Session\Middleware\StartSession->handleStatefulRequest(Object(Illuminate\Http\Request), Object(Illuminate\Session\Store), Object(Closure))
#32 C:\Users\LENOVO\Desktop\PFE\Spotlight\Spotlight\vendor\laravel\framework\src\Illuminate\Pipeline\Pipeline.php(219): Illuminate\Session\Middleware\StartSession->handle(Object(Illuminate\Http\Request), Object(Closure))
#33 C:\Users\LENOVO\Desktop\PFE\Spotlight\Spotlight\vendor\laravel\framework\src\Illuminate\Cookie\Middleware\AddQueuedCookiesToResponse.php(36): Illuminate\Pipeline\Pipeline->{closure:{closure:Illuminate\Pipeline\Pipeline::carry():194}:195}(Object(Illuminate\Http\Request))
#34 C:\Users\LENOVO\Desktop\PFE\Spotlight\Spotlight\vendor\laravel\framework\src\Illuminate\Pipeline\Pipeline.php(219): Illuminate\Cookie\Middleware\AddQueuedCookiesToResponse->handle(Object(Illuminate\Http\Request), Object(Closure))
#35 C:\Users\LENOVO\Desktop\PFE\Spotlight\Spotlight\vendor\laravel\framework\src\Illuminate\Cookie\Middleware\EncryptCookies.php(74): Illuminate\Pipeline\Pipeline->{closure:{closure:Illuminate\Pipeline\Pipeline::carry():194}:195}(Object(Illuminate\Http\Request))
#36 C:\Users\LENOVO\Desktop\PFE\Spotlight\Spotlight\vendor\laravel\framework\src\Illuminate\Pipeline\Pipeline.php(219): Illuminate\Cookie\Middleware\EncryptCookies->handle(Object(Illuminate\Http\Request), Object(Closure))
#37 C:\Users\LENOVO\Desktop\PFE\Spotlight\Spotlight\vendor\laravel\framework\src\Illuminate\Pipeline\Pipeline.php(137): Illuminate\Pipeline\Pipeline->{closure:{closure:Illuminate\Pipeline\Pipeline::carry():194}:195}(Object(Illuminate\Http\Request))
#38 C:\Users\LENOVO\Desktop\PFE\Spotlight\Spotlight\vendor\laravel\framework\src\Illuminate\Routing\Router.php(821): Illuminate\Pipeline\Pipeline->then(Object(Closure))
#39 C:\Users\LENOVO\Desktop\PFE\Spotlight\Spotlight\vendor\laravel\framework\src\Illuminate\Routing\Router.php(800): Illuminate\Routing\Router->runRouteWithinStack(Object(Illuminate\Routing\Route), Object(Illuminate\Http\Request))
#40 C:\Users\LENOVO\Desktop\PFE\Spotlight\Spotlight\vendor\laravel\framework\src\Illuminate\Routing\Router.php(764): Illuminate\Routing\Router->runRoute(Object(Illuminate\Http\Request), Object(Illuminate\Routing\Route))
#41 C:\Users\LENOVO\Desktop\PFE\Spotlight\Spotlight\vendor\laravel\framework\src\Illuminate\Routing\Router.php(753): Illuminate\Routing\Router->dispatchToRoute(Object(Illuminate\Http\Request))
#42 C:\Users\LENOVO\Desktop\PFE\Spotlight\Spotlight\vendor\laravel\framework\src\Illuminate\Foundation\Http\Kernel.php(200): Illuminate\Routing\Router->dispatch(Object(Illuminate\Http\Request))
#43 C:\Users\LENOVO\Desktop\PFE\Spotlight\Spotlight\vendor\laravel\framework\src\Illuminate\Pipeline\Pipeline.php(180): Illuminate\Foundation\Http\Kernel->{closure:Illuminate\Foundation\Http\Kernel::dispatchToRouter():197}(Object(Illuminate\Http\Request))
#44 C:\Users\LENOVO\Desktop\PFE\Spotlight\Spotlight\vendor\laravel\framework\src\Illuminate\Foundation\Http\Middleware\TransformsRequest.php(21): Illuminate\Pipeline\Pipeline->{closure:Illuminate\Pipeline\Pipeline::prepareDestination():178}(Object(Illuminate\Http\Request))
#45 C:\Users\LENOVO\Desktop\PFE\Spotlight\Spotlight\vendor\laravel\framework\src\Illuminate\Foundation\Http\Middleware\ConvertEmptyStringsToNull.php(31): Illuminate\Foundation\Http\Middleware\TransformsRequest->handle(Object(Illuminate\Http\Request), Object(Closure))
#46 C:\Users\LENOVO\Desktop\PFE\Spotlight\Spotlight\vendor\laravel\framework\src\Illuminate\Pipeline\Pipeline.php(219): Illuminate\Foundation\Http\Middleware\ConvertEmptyStringsToNull->handle(Object(Illuminate\Http\Request), Object(Closure))
#47 C:\Users\LENOVO\Desktop\PFE\Spotlight\Spotlight\vendor\laravel\framework\src\Illuminate\Foundation\Http\Middleware\TransformsRequest.php(21): Illuminate\Pipeline\Pipeline->{closure:{closure:Illuminate\Pipeline\Pipeline::carry():194}:195}(Object(Illuminate\Http\Request))
#48 C:\Users\LENOVO\Desktop\PFE\Spotlight\Spotlight\vendor\laravel\framework\src\Illuminate\Foundation\Http\Middleware\TrimStrings.php(51): Illuminate\Foundation\Http\Middleware\TransformsRequest->handle(Object(Illuminate\Http\Request), Object(Closure))
#49 C:\Users\LENOVO\Desktop\PFE\Spotlight\Spotlight\vendor\laravel\framework\src\Illuminate\Pipeline\Pipeline.php(219): Illuminate\Foundation\Http\Middleware\TrimStrings->handle(Object(Illuminate\Http\Request), Object(Closure))
#50 C:\Users\LENOVO\Desktop\PFE\Spotlight\Spotlight\vendor\laravel\framework\src\Illuminate\Http\Middleware\ValidatePostSize.php(27): Illuminate\Pipeline\Pipeline->{closure:{closure:Illuminate\Pipeline\Pipeline::carry():194}:195}(Object(Illuminate\Http\Request))
#51 C:\Users\LENOVO\Desktop\PFE\Spotlight\Spotlight\vendor\laravel\framework\src\Illuminate\Pipeline\Pipeline.php(219): Illuminate\Http\Middleware\ValidatePostSize->handle(Object(Illuminate\Http\Request), Object(Closure))
#52 C:\Users\LENOVO\Desktop\PFE\Spotlight\Spotlight\vendor\laravel\framework\src\Illuminate\Foundation\Http\Middleware\PreventRequestsDuringMaintenance.php(109): Illuminate\Pipeline\Pipeline->{closure:{closure:Illuminate\Pipeline\Pipeline::carry():194}:195}(Object(Illuminate\Http\Request))
#53 C:\Users\LENOVO\Desktop\PFE\Spotlight\Spotlight\vendor\laravel\framework\src\Illuminate\Pipeline\Pipeline.php(219): Illuminate\Foundation\Http\Middleware\PreventRequestsDuringMaintenance->handle(Object(Illuminate\Http\Request), Object(Closure))
#54 C:\Users\LENOVO\Desktop\PFE\Spotlight\Spotlight\vendor\laravel\framework\src\Illuminate\Http\Middleware\HandleCors.php(61): Illuminate\Pipeline\Pipeline->{closure:{closure:Illuminate\Pipeline\Pipeline::carry():194}:195}(Object(Illuminate\Http\Request))
#55 C:\Users\LENOVO\Desktop\PFE\Spotlight\Spotlight\vendor\laravel\framework\src\Illuminate\Pipeline\Pipeline.php(219): Illuminate\Http\Middleware\HandleCors->handle(Object(Illuminate\Http\Request), Object(Closure))
#56 C:\Users\LENOVO\Desktop\PFE\Spotlight\Spotlight\vendor\laravel\framework\src\Illuminate\Http\Middleware\TrustProxies.php(58): Illuminate\Pipeline\Pipeline->{closure:{closure:Illuminate\Pipeline\Pipeline::carry():194}:195}(Object(Illuminate\Http\Request))
#57 C:\Users\LENOVO\Desktop\PFE\Spotlight\Spotlight\vendor\laravel\framework\src\Illuminate\Pipeline\Pipeline.php(219): Illuminate\Http\Middleware\TrustProxies->handle(Object(Illuminate\Http\Request), Object(Closure))
#58 C:\Users\LENOVO\Desktop\PFE\Spotlight\Spotlight\vendor\laravel\framework\src\Illuminate\Foundation\Http\Middleware\InvokeDeferredCallbacks.php(22): Illuminate\Pipeline\Pipeline->{closure:{closure:Illuminate\Pipeline\Pipeline::carry():194}:195}(Object(Illuminate\Http\Request))
#59 C:\Users\LENOVO\Desktop\PFE\Spotlight\Spotlight\vendor\laravel\framework\src\Illuminate\Pipeline\Pipeline.php(219): Illuminate\Foundation\Http\Middleware\InvokeDeferredCallbacks->handle(Object(Illuminate\Http\Request), Object(Closure))
#60 C:\Users\LENOVO\Desktop\PFE\Spotlight\Spotlight\vendor\laravel\framework\src\Illuminate\Http\Middleware\ValidatePathEncoding.php(26): Illuminate\Pipeline\Pipeline->{closure:{closure:Illuminate\Pipeline\Pipeline::carry():194}:195}(Object(Illuminate\Http\Request))
#61 C:\Users\LENOVO\Desktop\PFE\Spotlight\Spotlight\vendor\laravel\framework\src\Illuminate\Pipeline\Pipeline.php(219): Illuminate\Http\Middleware\ValidatePathEncoding->handle(Object(Illuminate\Http\Request), Object(Closure))
#62 C:\Users\LENOVO\Desktop\PFE\Spotlight\Spotlight\vendor\laravel\framework\src\Illuminate\Pipeline\Pipeline.php(137): Illuminate\Pipeline\Pipeline->{closure:{closure:Illuminate\Pipeline\Pipeline::carry():194}:195}(Object(Illuminate\Http\Request))
#63 C:\Users\LENOVO\Desktop\PFE\Spotlight\Spotlight\vendor\laravel\framework\src\Illuminate\Foundation\Http\Kernel.php(175): Illuminate\Pipeline\Pipeline->then(Object(Closure))
#64 C:\Users\LENOVO\Desktop\PFE\Spotlight\Spotlight\vendor\laravel\framework\src\Illuminate\Foundation\Http\Kernel.php(144): Illuminate\Foundation\Http\Kernel->sendRequestThroughRouter(Object(Illuminate\Http\Request))
#65 C:\Users\LENOVO\Desktop\PFE\Spotlight\Spotlight\vendor\laravel\framework\src\Illuminate\Foundation\Testing\Concerns\MakesHttpRequests.php(607): Illuminate\Foundation\Http\Kernel->handle(Object(Illuminate\Http\Request))
#66 C:\Users\LENOVO\Desktop\PFE\Spotlight\Spotlight\vendor\laravel\framework\src\Illuminate\Foundation\Testing\Concerns\MakesHttpRequests.php(368): Illuminate\Foundation\Testing\TestCase->call('GET', '/register', Array, Array, Array, Array)
#67 C:\Users\LENOVO\Desktop\PFE\Spotlight\Spotlight\tests\Feature\Auth\RegistrationTest.php(14): Illuminate\Foundation\Testing\TestCase->get('/register')
#68 C:\Users\LENOVO\Desktop\PFE\Spotlight\Spotlight\vendor\phpunit\phpunit\src\Framework\TestCase.php(1667): Tests\Feature\Auth\RegistrationTest->test_registration_screen_can_be_rendered()
#69 C:\Users\LENOVO\Desktop\PFE\Spotlight\Spotlight\vendor\phpunit\phpunit\src\Framework\TestCase.php(519): PHPUnit\Framework\TestCase->runTest()
#70 C:\Users\LENOVO\Desktop\PFE\Spotlight\Spotlight\vendor\phpunit\phpunit\src\Framework\TestRunner\TestRunner.php(87): PHPUnit\Framework\TestCase->runBare()
#71 C:\Users\LENOVO\Desktop\PFE\Spotlight\Spotlight\vendor\phpunit\phpunit\src\Framework\TestCase.php(365): PHPUnit\Framework\TestRunner->run(Object(Tests\Feature\Auth\RegistrationTest))
#72 C:\Users\LENOVO\Desktop\PFE\Spotlight\Spotlight\vendor\phpunit\phpunit\src\Framework\TestSuite.php(369): PHPUnit\Framework\TestCase->run()
#73 C:\Users\LENOVO\Desktop\PFE\Spotlight\Spotlight\vendor\phpunit\phpunit\src\Framework\TestSuite.php(369): PHPUnit\Framework\TestSuite->run()
#74 C:\Users\LENOVO\Desktop\PFE\Spotlight\Spotlight\vendor\phpunit\phpunit\src\TextUI\TestRunner.php(64): PHPUnit\Framework\TestSuite->run()
#75 C:\Users\LENOVO\Desktop\PFE\Spotlight\Spotlight\vendor\phpunit\phpunit\src\TextUI\Application.php(211): PHPUnit\TextUI\TestRunner->run(Object(PHPUnit\TextUI\Configuration\Configuration), Object(PHPUnit\Runner\ResultCache\DefaultResultCache), Object(PHPUnit\Framework\TestSuite))
#76 C:\Users\LENOVO\Desktop\PFE\Spotlight\Spotlight\vendor\phpunit\phpunit\phpunit(104): PHPUnit\TextUI\Application->run(Array)
#77 C:\Users\LENOVO\Desktop\PFE\Spotlight\Spotlight\vendor\bin\phpunit(122): include('C:\\Users\\LENOVO...')
#78 {main}

----------------------------------------------------------------------------------

Vite manifest not found at: C:\Users\LENOVO\Desktop\PFE\Spotlight\Spotlight\public\build/manifest.json (View: C:\Users\LENOVO\Desktop\PFE\Spotlight\Spotlight\resources\views\app.blade.php)

C:\Users\LENOVO\Desktop\PFE\Spotlight\Spotlight\vendor\laravel\framework\src\Illuminate\Testing\TestResponseAssert.php:45
C:\Users\LENOVO\Desktop\PFE\Spotlight\Spotlight\vendor\laravel\framework\src\Illuminate\Testing\TestResponse.php:174
C:\Users\LENOVO\Desktop\PFE\Spotlight\Spotlight\vendor\laravel\framework\src\Illuminate\Testing\Concerns\AssertsStatusCodes.php:16
C:\Users\LENOVO\Desktop\PFE\Spotlight\Spotlight\tests\Feature\Auth\RegistrationTest.php:16

2) Tests\Feature\Auth\AuthenticationTest::test_login_screen_can_be_rendered
Expected response status code [200] but received 500.
Failed asserting that 500 is identical to 200.

The following exception occurred during the last request:

Illuminate\Foundation\ViteManifestNotFoundException: Vite manifest not found at: C:\Users\LENOVO\Desktop\PFE\Spotlight\Spotlight\public\build/manifest.json in C:\Users\LENOVO\Desktop\PFE\Spotlight\Spotlight\vendor\laravel\framework\src\Illuminate\Foundation\Vite.php:946
Stack trace:
#0 C:\Users\LENOVO\Desktop\PFE\Spotlight\Spotlight\vendor\laravel\framework\src\Illuminate\Foundation\Vite.php(384): Illuminate\Foundation\Vite->manifest('build')
#1 C:\Users\LENOVO\Desktop\PFE\Spotlight\Spotlight\storage\framework\views\ef4c708690bd8886442b2fcfd14aeb91.php(42): Illuminate\Foundation\Vite->__invoke(Object(Illuminate\Support\Collection))
#2 C:\Users\LENOVO\Desktop\PFE\Spotlight\Spotlight\vendor\laravel\framework\src\Illuminate\Filesystem\Filesystem.php(123): require('C:\\Users\\LENOVO...')
#3 C:\Users\LENOVO\Desktop\PFE\Spotlight\Spotlight\vendor\laravel\framework\src\Illuminate\Filesystem\Filesystem.php(124): Illuminate\Filesystem\Filesystem::{closure:Illuminate\Filesystem\Filesystem::getRequire():120}()
#4 C:\Users\LENOVO\Desktop\PFE\Spotlight\Spotlight\vendor\laravel\framework\src\Illuminate\View\Engines\PhpEngine.php(57): Illuminate\Filesystem\Filesystem->getRequire('C:\\Users\\LENOVO...', Array)
#5 C:\Users\LENOVO\Desktop\PFE\Spotlight\Spotlight\vendor\laravel\framework\src\Illuminate\View\Engines\CompilerEngine.php(76): Illuminate\View\Engines\PhpEngine->evaluatePath('C:\\Users\\LENOVO...', Array)
#6 C:\Users\LENOVO\Desktop\PFE\Spotlight\Spotlight\vendor\laravel\framework\src\Illuminate\View\View.php(208): Illuminate\View\Engines\CompilerEngine->get('C:\\Users\\LENOVO...', Array)
#7 C:\Users\LENOVO\Desktop\PFE\Spotlight\Spotlight\vendor\laravel\framework\src\Illuminate\View\View.php(191): Illuminate\View\View->getContents()
#8 C:\Users\LENOVO\Desktop\PFE\Spotlight\Spotlight\vendor\laravel\framework\src\Illuminate\View\View.php(160): Illuminate\View\View->renderContents()
#9 C:\Users\LENOVO\Desktop\PFE\Spotlight\Spotlight\vendor\laravel\framework\src\Illuminate\Http\Response.php(78): Illuminate\View\View->render()
#10 C:\Users\LENOVO\Desktop\PFE\Spotlight\Spotlight\vendor\laravel\framework\src\Illuminate\Http\Response.php(34): Illuminate\Http\Response->setContent(Object(Illuminate\View\View))
#11 C:\Users\LENOVO\Desktop\PFE\Spotlight\Spotlight\vendor\laravel\framework\src\Illuminate\Routing\ResponseFactory.php(61): Illuminate\Http\Response->__construct(Object(Illuminate\View\View), 200, Array)
#12 C:\Users\LENOVO\Desktop\PFE\Spotlight\Spotlight\vendor\laravel\framework\src\Illuminate\Routing\ResponseFactory.php(91): Illuminate\Routing\ResponseFactory->make(Object(Illuminate\View\View), 200, Array)
#13 C:\Users\LENOVO\Desktop\PFE\Spotlight\Spotlight\vendor\laravel\framework\src\Illuminate\Support\Facades\Facade.php(363): Illuminate\Routing\ResponseFactory->view('app', Array)
#14 C:\Users\LENOVO\Desktop\PFE\Spotlight\Spotlight\vendor\inertiajs\inertia-laravel\src\Response.php(219): Illuminate\Support\Facades\Facade::__callStatic('view', Array)
#15 C:\Users\LENOVO\Desktop\PFE\Spotlight\Spotlight\vendor\laravel\fortify\src\Http\Responses\SimpleViewResponse.php(56): Inertia\Response->toResponse(Object(Illuminate\Http\Request))
#16 C:\Users\LENOVO\Desktop\PFE\Spotlight\Spotlight\vendor\laravel\framework\src\Illuminate\Routing\Router.php(921): Laravel\Fortify\Http\Responses\SimpleViewResponse->toResponse(Object(Illuminate\Http\Request))
#17 C:\Users\LENOVO\Desktop\PFE\Spotlight\Spotlight\vendor\laravel\framework\src\Illuminate\Routing\Router.php(906): Illuminate\Routing\Router::toResponse(Object(Illuminate\Http\Request), Object(Laravel\Fortify\Http\Responses\SimpleViewResponse))
#18 C:\Users\LENOVO\Desktop\PFE\Spotlight\Spotlight\vendor\laravel\framework\src\Illuminate\Routing\Router.php(821): Illuminate\Routing\Router->prepareResponse(Object(Illuminate\Http\Request), Object(Laravel\Fortify\Http\Responses\SimpleViewResponse))
#19 C:\Users\LENOVO\Desktop\PFE\Spotlight\Spotlight\vendor\laravel\framework\src\Illuminate\Pipeline\Pipeline.php(180): Illuminate\Routing\Router->{closure:Illuminate\Routing\Router::runRouteWithinStack():821}(Object(Illuminate\Http\Request))
#20 C:\Users\LENOVO\Desktop\PFE\Spotlight\Spotlight\vendor\laravel\framework\src\Illuminate\Auth\Middleware\RedirectIfAuthenticated.php(47): Illuminate\Pipeline\Pipeline->{closure:Illuminate\Pipeline\Pipeline::prepareDestination():178}(Object(Illuminate\Http\Request))
#21 C:\Users\LENOVO\Desktop\PFE\Spotlight\Spotlight\vendor\laravel\framework\src\Illuminate\Pipeline\Pipeline.php(219): Illuminate\Auth\Middleware\RedirectIfAuthenticated->handle(Object(Illuminate\Http\Request), Object(Closure), 'web')
#22 C:\Users\LENOVO\Desktop\PFE\Spotlight\Spotlight\vendor\laravel\framework\src\Illuminate\Http\Middleware\AddLinkHeadersForPreloadedAssets.php(32): Illuminate\Pipeline\Pipeline->{closure:{closure:Illuminate\Pipeline\Pipeline::carry():194}:195}(Object(Illuminate\Http\Request))
#23 C:\Users\LENOVO\Desktop\PFE\Spotlight\Spotlight\vendor\laravel\framework\src\Illuminate\Pipeline\Pipeline.php(219): Illuminate\Http\Middleware\AddLinkHeadersForPreloadedAssets->handle(Object(Illuminate\Http\Request), Object(Closure))
#24 C:\Users\LENOVO\Desktop\PFE\Spotlight\Spotlight\vendor\inertiajs\inertia-laravel\src\Middleware.php(122): Illuminate\Pipeline\Pipeline->{closure:{closure:Illuminate\Pipeline\Pipeline::carry():194}:195}(Object(Illuminate\Http\Request))
#25 C:\Users\LENOVO\Desktop\PFE\Spotlight\Spotlight\vendor\laravel\framework\src\Illuminate\Pipeline\Pipeline.php(219): Inertia\Middleware->handle(Object(Illuminate\Http\Request), Object(Closure))
#26 C:\Users\LENOVO\Desktop\PFE\Spotlight\Spotlight\app\Http\Middleware\HandleAppearance.php(21): Illuminate\Pipeline\Pipeline->{closure:{closure:Illuminate\Pipeline\Pipeline::carry():194}:195}(Object(Illuminate\Http\Request))
#27 C:\Users\LENOVO\Desktop\PFE\Spotlight\Spotlight\vendor\laravel\framework\src\Illuminate\Pipeline\Pipeline.php(219): App\Http\Middleware\HandleAppearance->handle(Object(Illuminate\Http\Request), Object(Closure))
#28 C:\Users\LENOVO\Desktop\PFE\Spotlight\Spotlight\vendor\laravel\framework\src\Illuminate\Routing\Middleware\SubstituteBindings.php(50): Illuminate\Pipeline\Pipeline->{closure:{closure:Illuminate\Pipeline\Pipeline::carry():194}:195}(Object(Illuminate\Http\Request))
#29 C:\Users\LENOVO\Desktop\PFE\Spotlight\Spotlight\vendor\laravel\framework\src\Illuminate\Pipeline\Pipeline.php(219): Illuminate\Routing\Middleware\SubstituteBindings->handle(Object(Illuminate\Http\Request), Object(Closure))
#30 C:\Users\LENOVO\Desktop\PFE\Spotlight\Spotlight\vendor\laravel\framework\src\Illuminate\Foundation\Http\Middleware\VerifyCsrfToken.php(87): Illuminate\Pipeline\Pipeline->{closure:{closure:Illuminate\Pipeline\Pipeline::carry():194}:195}(Object(Illuminate\Http\Request))
#31 C:\Users\LENOVO\Desktop\PFE\Spotlight\Spotlight\vendor\laravel\framework\src\Illuminate\Pipeline\Pipeline.php(219): Illuminate\Foundation\Http\Middleware\VerifyCsrfToken->handle(Object(Illuminate\Http\Request), Object(Closure))
#32 C:\Users\LENOVO\Desktop\PFE\Spotlight\Spotlight\vendor\laravel\framework\src\Illuminate\View\Middleware\ShareErrorsFromSession.php(48): Illuminate\Pipeline\Pipeline->{closure:{closure:Illuminate\Pipeline\Pipeline::carry():194}:195}(Object(Illuminate\Http\Request))
#33 C:\Users\LENOVO\Desktop\PFE\Spotlight\Spotlight\vendor\laravel\framework\src\Illuminate\Pipeline\Pipeline.php(219): Illuminate\View\Middleware\ShareErrorsFromSession->handle(Object(Illuminate\Http\Request), Object(Closure))
#34 C:\Users\LENOVO\Desktop\PFE\Spotlight\Spotlight\vendor\laravel\framework\src\Illuminate\Session\Middleware\StartSession.php(120): Illuminate\Pipeline\Pipeline->{closure:{closure:Illuminate\Pipeline\Pipeline::carry():194}:195}(Object(Illuminate\Http\Request))
#35 C:\Users\LENOVO\Desktop\PFE\Spotlight\Spotlight\vendor\laravel\framework\src\Illuminate\Session\Middleware\StartSession.php(63): Illuminate\Session\Middleware\StartSession->handleStatefulRequest(Object(Illuminate\Http\Request), Object(Illuminate\Session\Store), Object(Closure))
#36 C:\Users\LENOVO\Desktop\PFE\Spotlight\Spotlight\vendor\laravel\framework\src\Illuminate\Pipeline\Pipeline.php(219): Illuminate\Session\Middleware\StartSession->handle(Object(Illuminate\Http\Request), Object(Closure))
#37 C:\Users\LENOVO\Desktop\PFE\Spotlight\Spotlight\vendor\laravel\framework\src\Illuminate\Cookie\Middleware\AddQueuedCookiesToResponse.php(36): Illuminate\Pipeline\Pipeline->{closure:{closure:Illuminate\Pipeline\Pipeline::carry():194}:195}(Object(Illuminate\Http\Request))
#38 C:\Users\LENOVO\Desktop\PFE\Spotlight\Spotlight\vendor\laravel\framework\src\Illuminate\Pipeline\Pipeline.php(219): Illuminate\Cookie\Middleware\AddQueuedCookiesToResponse->handle(Object(Illuminate\Http\Request), Object(Closure))
#39 C:\Users\LENOVO\Desktop\PFE\Spotlight\Spotlight\vendor\laravel\framework\src\Illuminate\Cookie\Middleware\EncryptCookies.php(74): Illuminate\Pipeline\Pipeline->{closure:{closure:Illuminate\Pipeline\Pipeline::carry():194}:195}(Object(Illuminate\Http\Request))
#40 C:\Users\LENOVO\Desktop\PFE\Spotlight\Spotlight\vendor\laravel\framework\src\Illuminate\Pipeline\Pipeline.php(219): Illuminate\Cookie\Middleware\EncryptCookies->handle(Object(Illuminate\Http\Request), Object(Closure))
#41 C:\Users\LENOVO\Desktop\PFE\Spotlight\Spotlight\vendor\laravel\framework\src\Illuminate\Pipeline\Pipeline.php(137): Illuminate\Pipeline\Pipeline->{closure:{closure:Illuminate\Pipeline\Pipeline::carry():194}:195}(Object(Illuminate\Http\Request))
#42 C:\Users\LENOVO\Desktop\PFE\Spotlight\Spotlight\vendor\laravel\framework\src\Illuminate\Routing\Router.php(821): Illuminate\Pipeline\Pipeline->then(Object(Closure))
#43 C:\Users\LENOVO\Desktop\PFE\Spotlight\Spotlight\vendor\laravel\framework\src\Illuminate\Routing\Router.php(800): Illuminate\Routing\Router->runRouteWithinStack(Object(Illuminate\Routing\Route), Object(Illuminate\Http\Request))
#44 C:\Users\LENOVO\Desktop\PFE\Spotlight\Spotlight\vendor\laravel\framework\src\Illuminate\Routing\Router.php(764): Illuminate\Routing\Router->runRoute(Object(Illuminate\Http\Request), Object(Illuminate\Routing\Route))
#45 C:\Users\LENOVO\Desktop\PFE\Spotlight\Spotlight\vendor\laravel\framework\src\Illuminate\Routing\Router.php(753): Illuminate\Routing\Router->dispatchToRoute(Object(Illuminate\Http\Request))
#46 C:\Users\LENOVO\Desktop\PFE\Spotlight\Spotlight\vendor\laravel\framework\src\Illuminate\Foundation\Http\Kernel.php(200): Illuminate\Routing\Router->dispatch(Object(Illuminate\Http\Request))
#47 C:\Users\LENOVO\Desktop\PFE\Spotlight\Spotlight\vendor\laravel\framework\src\Illuminate\Pipeline\Pipeline.php(180): Illuminate\Foundation\Http\Kernel->{closure:Illuminate\Foundation\Http\Kernel::dispatchToRouter():197}(Object(Illuminate\Http\Request))
#48 C:\Users\LENOVO\Desktop\PFE\Spotlight\Spotlight\vendor\laravel\framework\src\Illuminate\Foundation\Http\Middleware\TransformsRequest.php(21): Illuminate\Pipeline\Pipeline->{closure:Illuminate\Pipeline\Pipeline::prepareDestination():178}(Object(Illuminate\Http\Request))
#49 C:\Users\LENOVO\Desktop\PFE\Spotlight\Spotlight\vendor\laravel\framework\src\Illuminate\Foundation\Http\Middleware\ConvertEmptyStringsToNull.php(31): Illuminate\Foundation\Http\Middleware\TransformsRequest->handle(Object(Illuminate\Http\Request), Object(Closure))
#50 C:\Users\LENOVO\Desktop\PFE\Spotlight\Spotlight\vendor\laravel\framework\src\Illuminate\Pipeline\Pipeline.php(219): Illuminate\Foundation\Http\Middleware\ConvertEmptyStringsToNull->handle(Object(Illuminate\Http\Request), Object(Closure))
#51 C:\Users\LENOVO\Desktop\PFE\Spotlight\Spotlight\vendor\laravel\framework\src\Illuminate\Foundation\Http\Middleware\TransformsRequest.php(21): Illuminate\Pipeline\Pipeline->{closure:{closure:Illuminate\Pipeline\Pipeline::carry():194}:195}(Object(Illuminate\Http\Request))
#52 C:\Users\LENOVO\Desktop\PFE\Spotlight\Spotlight\vendor\laravel\framework\src\Illuminate\Foundation\Http\Middleware\TrimStrings.php(51): Illuminate\Foundation\Http\Middleware\TransformsRequest->handle(Object(Illuminate\Http\Request), Object(Closure))
#53 C:\Users\LENOVO\Desktop\PFE\Spotlight\Spotlight\vendor\laravel\framework\src\Illuminate\Pipeline\Pipeline.php(219): Illuminate\Foundation\Http\Middleware\TrimStrings->handle(Object(Illuminate\Http\Request), Object(Closure))
#54 C:\Users\LENOVO\Desktop\PFE\Spotlight\Spotlight\vendor\laravel\framework\src\Illuminate\Http\Middleware\ValidatePostSize.php(27): Illuminate\Pipeline\Pipeline->{closure:{closure:Illuminate\Pipeline\Pipeline::carry():194}:195}(Object(Illuminate\Http\Request))
#55 C:\Users\LENOVO\Desktop\PFE\Spotlight\Spotlight\vendor\laravel\framework\src\Illuminate\Pipeline\Pipeline.php(219): Illuminate\Http\Middleware\ValidatePostSize->handle(Object(Illuminate\Http\Request), Object(Closure))
#56 C:\Users\LENOVO\Desktop\PFE\Spotlight\Spotlight\vendor\laravel\framework\src\Illuminate\Foundation\Http\Middleware\PreventRequestsDuringMaintenance.php(109): Illuminate\Pipeline\Pipeline->{closure:{closure:Illuminate\Pipeline\Pipeline::carry():194}:195}(Object(Illuminate\Http\Request))
#57 C:\Users\LENOVO\Desktop\PFE\Spotlight\Spotlight\vendor\laravel\framework\src\Illuminate\Pipeline\Pipeline.php(219): Illuminate\Foundation\Http\Middleware\PreventRequestsDuringMaintenance->handle(Object(Illuminate\Http\Request), Object(Closure))
#58 C:\Users\LENOVO\Desktop\PFE\Spotlight\Spotlight\vendor\laravel\framework\src\Illuminate\Http\Middleware\HandleCors.php(61): Illuminate\Pipeline\Pipeline->{closure:{closure:Illuminate\Pipeline\Pipeline::carry():194}:195}(Object(Illuminate\Http\Request))
#59 C:\Users\LENOVO\Desktop\PFE\Spotlight\Spotlight\vendor\laravel\framework\src\Illuminate\Pipeline\Pipeline.php(219): Illuminate\Http\Middleware\HandleCors->handle(Object(Illuminate\Http\Request), Object(Closure))
#60 C:\Users\LENOVO\Desktop\PFE\Spotlight\Spotlight\vendor\laravel\framework\src\Illuminate\Http\Middleware\TrustProxies.php(58): Illuminate\Pipeline\Pipeline->{closure:{closure:Illuminate\Pipeline\Pipeline::carry():194}:195}(Object(Illuminate\Http\Request))
#61 C:\Users\LENOVO\Desktop\PFE\Spotlight\Spotlight\vendor\laravel\framework\src\Illuminate\Pipeline\Pipeline.php(219): Illuminate\Http\Middleware\TrustProxies->handle(Object(Illuminate\Http\Request), Object(Closure))
#62 C:\Users\LENOVO\Desktop\PFE\Spotlight\Spotlight\vendor\laravel\framework\src\Illuminate\Foundation\Http\Middleware\InvokeDeferredCallbacks.php(22): Illuminate\Pipeline\Pipeline->{closure:{closure:Illuminate\Pipeline\Pipeline::carry():194}:195}(Object(Illuminate\Http\Request))
#63 C:\Users\LENOVO\Desktop\PFE\Spotlight\Spotlight\vendor\laravel\framework\src\Illuminate\Pipeline\Pipeline.php(219): Illuminate\Foundation\Http\Middleware\InvokeDeferredCallbacks->handle(Object(Illuminate\Http\Request), Object(Closure))
#64 C:\Users\LENOVO\Desktop\PFE\Spotlight\Spotlight\vendor\laravel\framework\src\Illuminate\Http\Middleware\ValidatePathEncoding.php(26): Illuminate\Pipeline\Pipeline->{closure:{closure:Illuminate\Pipeline\Pipeline::carry():194}:195}(Object(Illuminate\Http\Request))
#65 C:\Users\LENOVO\Desktop\PFE\Spotlight\Spotlight\vendor\laravel\framework\src\Illuminate\Pipeline\Pipeline.php(219): Illuminate\Http\Middleware\ValidatePathEncoding->handle(Object(Illuminate\Http\Request), Object(Closure))
#66 C:\Users\LENOVO\Desktop\PFE\Spotlight\Spotlight\vendor\laravel\framework\src\Illuminate\Pipeline\Pipeline.php(137): Illuminate\Pipeline\Pipeline->{closure:{closure:Illuminate\Pipeline\Pipeline::carry():194}:195}(Object(Illuminate\Http\Request))
#67 C:\Users\LENOVO\Desktop\PFE\Spotlight\Spotlight\vendor\laravel\framework\src\Illuminate\Foundation\Http\Kernel.php(175): Illuminate\Pipeline\Pipeline->then(Object(Closure))
#68 C:\Users\LENOVO\Desktop\PFE\Spotlight\Spotlight\vendor\laravel\framework\src\Illuminate\Foundation\Http\Kernel.php(144): Illuminate\Foundation\Http\Kernel->sendRequestThroughRouter(Object(Illuminate\Http\Request))
#69 C:\Users\LENOVO\Desktop\PFE\Spotlight\Spotlight\vendor\laravel\framework\src\Illuminate\Foundation\Testing\Concerns\MakesHttpRequests.php(607): Illuminate\Foundation\Http\Kernel->handle(Object(Illuminate\Http\Request))
#70 C:\Users\LENOVO\Desktop\PFE\Spotlight\Spotlight\vendor\laravel\framework\src\Illuminate\Foundation\Testing\Concerns\MakesHttpRequests.php(368): Illuminate\Foundation\Testing\TestCase->call('GET', '/login', Array, Array, Array, Array)
#71 C:\Users\LENOVO\Desktop\PFE\Spotlight\Spotlight\tests\Feature\Auth\AuthenticationTest.php(18): Illuminate\Foundation\Testing\TestCase->get('/login')
#72 C:\Users\LENOVO\Desktop\PFE\Spotlight\Spotlight\vendor\phpunit\phpunit\src\Framework\TestCase.php(1667): Tests\Feature\Auth\AuthenticationTest->test_login_screen_can_be_rendered()
#73 C:\Users\LENOVO\Desktop\PFE\Spotlight\Spotlight\vendor\phpunit\phpunit\src\Framework\TestCase.php(519): PHPUnit\Framework\TestCase->runTest()
#74 C:\Users\LENOVO\Desktop\PFE\Spotlight\Spotlight\vendor\phpunit\phpunit\src\Framework\TestRunner\TestRunner.php(87): PHPUnit\Framework\TestCase->runBare()
#75 C:\Users\LENOVO\Desktop\PFE\Spotlight\Spotlight\vendor\phpunit\phpunit\src\Framework\TestCase.php(365): PHPUnit\Framework\TestRunner->run(Object(Tests\Feature\Auth\AuthenticationTest))
#76 C:\Users\LENOVO\Desktop\PFE\Spotlight\Spotlight\vendor\phpunit\phpunit\src\Framework\TestSuite.php(369): PHPUnit\Framework\TestCase->run()
#77 C:\Users\LENOVO\Desktop\PFE\Spotlight\Spotlight\vendor\phpunit\phpunit\src\Framework\TestSuite.php(369): PHPUnit\Framework\TestSuite->run()
#78 C:\Users\LENOVO\Desktop\PFE\Spotlight\Spotlight\vendor\phpunit\phpunit\src\TextUI\TestRunner.php(64): PHPUnit\Framework\TestSuite->run()
#79 C:\Users\LENOVO\Desktop\PFE\Spotlight\Spotlight\vendor\phpunit\phpunit\src\TextUI\Application.php(211): PHPUnit\TextUI\TestRunner->run(Object(PHPUnit\TextUI\Configuration\Configuration), Object(PHPUnit\Runner\ResultCache\DefaultResultCache), Object(PHPUnit\Framework\TestSuite))
#80 C:\Users\LENOVO\Desktop\PFE\Spotlight\Spotlight\vendor\phpunit\phpunit\phpunit(104): PHPUnit\TextUI\Application->run(Array)
#81 C:\Users\LENOVO\Desktop\PFE\Spotlight\Spotlight\vendor\bin\phpunit(122): include('C:\\Users\\LENOVO...')
#82 {main}

Next Illuminate\View\ViewException: Vite manifest not found at: C:\Users\LENOVO\Desktop\PFE\Spotlight\Spotlight\public\build/manifest.json (View: C:\Users\LENOVO\Desktop\PFE\Spotlight\Spotlight\resources\views\app.blade.php) in C:\Users\LENOVO\Desktop\PFE\Spotlight\Spotlight\vendor\laravel\framework\src\Illuminate\Foundation\Vite.php:946
Stack trace:
#0 C:\Users\LENOVO\Desktop\PFE\Spotlight\Spotlight\vendor\laravel\framework\src\Illuminate\View\Engines\PhpEngine.php(59): Illuminate\View\Engines\CompilerEngine->handleViewException(Object(Illuminate\Foundation\ViteManifestNotFoundException), 1)
#1 C:\Users\LENOVO\Desktop\PFE\Spotlight\Spotlight\vendor\laravel\framework\src\Illuminate\View\Engines\CompilerEngine.php(76): Illuminate\View\Engines\PhpEngine->evaluatePath('C:\\Users\\LENOVO...', Array)
#2 C:\Users\LENOVO\Desktop\PFE\Spotlight\Spotlight\vendor\laravel\framework\src\Illuminate\View\View.php(208): Illuminate\View\Engines\CompilerEngine->get('C:\\Users\\LENOVO...', Array)
#3 C:\Users\LENOVO\Desktop\PFE\Spotlight\Spotlight\vendor\laravel\framework\src\Illuminate\View\View.php(191): Illuminate\View\View->getContents()
#4 C:\Users\LENOVO\Desktop\PFE\Spotlight\Spotlight\vendor\laravel\framework\src\Illuminate\View\View.php(160): Illuminate\View\View->renderContents()
#5 C:\Users\LENOVO\Desktop\PFE\Spotlight\Spotlight\vendor\laravel\framework\src\Illuminate\Http\Response.php(78): Illuminate\View\View->render()
#6 C:\Users\LENOVO\Desktop\PFE\Spotlight\Spotlight\vendor\laravel\framework\src\Illuminate\Http\Response.php(34): Illuminate\Http\Response->setContent(Object(Illuminate\View\View))
#7 C:\Users\LENOVO\Desktop\PFE\Spotlight\Spotlight\vendor\laravel\framework\src\Illuminate\Routing\ResponseFactory.php(61): Illuminate\Http\Response->__construct(Object(Illuminate\View\View), 200, Array)
#8 C:\Users\LENOVO\Desktop\PFE\Spotlight\Spotlight\vendor\laravel\framework\src\Illuminate\Routing\ResponseFactory.php(91): Illuminate\Routing\ResponseFactory->make(Object(Illuminate\View\View), 200, Array)
#9 C:\Users\LENOVO\Desktop\PFE\Spotlight\Spotlight\vendor\laravel\framework\src\Illuminate\Support\Facades\Facade.php(363): Illuminate\Routing\ResponseFactory->view('app', Array)
#10 C:\Users\LENOVO\Desktop\PFE\Spotlight\Spotlight\vendor\inertiajs\inertia-laravel\src\Response.php(219): Illuminate\Support\Facades\Facade::__callStatic('view', Array)
#11 C:\Users\LENOVO\Desktop\PFE\Spotlight\Spotlight\vendor\laravel\fortify\src\Http\Responses\SimpleViewResponse.php(56): Inertia\Response->toResponse(Object(Illuminate\Http\Request))
#12 C:\Users\LENOVO\Desktop\PFE\Spotlight\Spotlight\vendor\laravel\framework\src\Illuminate\Routing\Router.php(921): Laravel\Fortify\Http\Responses\SimpleViewResponse->toResponse(Object(Illuminate\Http\Request))
#13 C:\Users\LENOVO\Desktop\PFE\Spotlight\Spotlight\vendor\laravel\framework\src\Illuminate\Routing\Router.php(906): Illuminate\Routing\Router::toResponse(Object(Illuminate\Http\Request), Object(Laravel\Fortify\Http\Responses\SimpleViewResponse))
#14 C:\Users\LENOVO\Desktop\PFE\Spotlight\Spotlight\vendor\laravel\framework\src\Illuminate\Routing\Router.php(821): Illuminate\Routing\Router->prepareResponse(Object(Illuminate\Http\Request), Object(Laravel\Fortify\Http\Responses\SimpleViewResponse))
#15 C:\Users\LENOVO\Desktop\PFE\Spotlight\Spotlight\vendor\laravel\framework\src\Illuminate\Pipeline\Pipeline.php(180): Illuminate\Routing\Router->{closure:Illuminate\Routing\Router::runRouteWithinStack():821}(Object(Illuminate\Http\Request))
#16 C:\Users\LENOVO\Desktop\PFE\Spotlight\Spotlight\vendor\laravel\framework\src\Illuminate\Auth\Middleware\RedirectIfAuthenticated.php(47): Illuminate\Pipeline\Pipeline->{closure:Illuminate\Pipeline\Pipeline::prepareDestination():178}(Object(Illuminate\Http\Request))
#17 C:\Users\LENOVO\Desktop\PFE\Spotlight\Spotlight\vendor\laravel\framework\src\Illuminate\Pipeline\Pipeline.php(219): Illuminate\Auth\Middleware\RedirectIfAuthenticated->handle(Object(Illuminate\Http\Request), Object(Closure), 'web')
#18 C:\Users\LENOVO\Desktop\PFE\Spotlight\Spotlight\vendor\laravel\framework\src\Illuminate\Http\Middleware\AddLinkHeadersForPreloadedAssets.php(32): Illuminate\Pipeline\Pipeline->{closure:{closure:Illuminate\Pipeline\Pipeline::carry():194}:195}(Object(Illuminate\Http\Request))
#19 C:\Users\LENOVO\Desktop\PFE\Spotlight\Spotlight\vendor\laravel\framework\src\Illuminate\Pipeline\Pipeline.php(219): Illuminate\Http\Middleware\AddLinkHeadersForPreloadedAssets->handle(Object(Illuminate\Http\Request), Object(Closure))
#20 C:\Users\LENOVO\Desktop\PFE\Spotlight\Spotlight\vendor\inertiajs\inertia-laravel\src\Middleware.php(122): Illuminate\Pipeline\Pipeline->{closure:{closure:Illuminate\Pipeline\Pipeline::carry():194}:195}(Object(Illuminate\Http\Request))
#21 C:\Users\LENOVO\Desktop\PFE\Spotlight\Spotlight\vendor\laravel\framework\src\Illuminate\Pipeline\Pipeline.php(219): Inertia\Middleware->handle(Object(Illuminate\Http\Request), Object(Closure))
#22 C:\Users\LENOVO\Desktop\PFE\Spotlight\Spotlight\app\Http\Middleware\HandleAppearance.php(21): Illuminate\Pipeline\Pipeline->{closure:{closure:Illuminate\Pipeline\Pipeline::carry():194}:195}(Object(Illuminate\Http\Request))
#23 C:\Users\LENOVO\Desktop\PFE\Spotlight\Spotlight\vendor\laravel\framework\src\Illuminate\Pipeline\Pipeline.php(219): App\Http\Middleware\HandleAppearance->handle(Object(Illuminate\Http\Request), Object(Closure))
#24 C:\Users\LENOVO\Desktop\PFE\Spotlight\Spotlight\vendor\laravel\framework\src\Illuminate\Routing\Middleware\SubstituteBindings.php(50): Illuminate\Pipeline\Pipeline->{closure:{closure:Illuminate\Pipeline\Pipeline::carry():194}:195}(Object(Illuminate\Http\Request))
#25 C:\Users\LENOVO\Desktop\PFE\Spotlight\Spotlight\vendor\laravel\framework\src\Illuminate\Pipeline\Pipeline.php(219): Illuminate\Routing\Middleware\SubstituteBindings->handle(Object(Illuminate\Http\Request), Object(Closure))
#26 C:\Users\LENOVO\Desktop\PFE\Spotlight\Spotlight\vendor\laravel\framework\src\Illuminate\Foundation\Http\Middleware\VerifyCsrfToken.php(87): Illuminate\Pipeline\Pipeline->{closure:{closure:Illuminate\Pipeline\Pipeline::carry():194}:195}(Object(Illuminate\Http\Request))
#27 C:\Users\LENOVO\Desktop\PFE\Spotlight\Spotlight\vendor\laravel\framework\src\Illuminate\Pipeline\Pipeline.php(219): Illuminate\Foundation\Http\Middleware\VerifyCsrfToken->handle(Object(Illuminate\Http\Request), Object(Closure))
#28 C:\Users\LENOVO\Desktop\PFE\Spotlight\Spotlight\vendor\laravel\framework\src\Illuminate\View\Middleware\ShareErrorsFromSession.php(48): Illuminate\Pipeline\Pipeline->{closure:{closure:Illuminate\Pipeline\Pipeline::carry():194}:195}(Object(Illuminate\Http\Request))
#29 C:\Users\LENOVO\Desktop\PFE\Spotlight\Spotlight\vendor\laravel\framework\src\Illuminate\Pipeline\Pipeline.php(219): Illuminate\View\Middleware\ShareErrorsFromSession->handle(Object(Illuminate\Http\Request), Object(Closure))
#30 C:\Users\LENOVO\Desktop\PFE\Spotlight\Spotlight\vendor\laravel\framework\src\Illuminate\Session\Middleware\StartSession.php(120): Illuminate\Pipeline\Pipeline->{closure:{closure:Illuminate\Pipeline\Pipeline::carry():194}:195}(Object(Illuminate\Http\Request))
#31 C:\Users\LENOVO\Desktop\PFE\Spotlight\Spotlight\vendor\laravel\framework\src\Illuminate\Session\Middleware\StartSession.php(63): Illuminate\Session\Middleware\StartSession->handleStatefulRequest(Object(Illuminate\Http\Request), Object(Illuminate\Session\Store), Object(Closure))
#32 C:\Users\LENOVO\Desktop\PFE\Spotlight\Spotlight\vendor\laravel\framework\src\Illuminate\Pipeline\Pipeline.php(219): Illuminate\Session\Middleware\StartSession->handle(Object(Illuminate\Http\Request), Object(Closure))
#33 C:\Users\LENOVO\Desktop\PFE\Spotlight\Spotlight\vendor\laravel\framework\src\Illuminate\Cookie\Middleware\AddQueuedCookiesToResponse.php(36): Illuminate\Pipeline\Pipeline->{closure:{closure:Illuminate\Pipeline\Pipeline::carry():194}:195}(Object(Illuminate\Http\Request))
#34 C:\Users\LENOVO\Desktop\PFE\Spotlight\Spotlight\vendor\laravel\framework\src\Illuminate\Pipeline\Pipeline.php(219): Illuminate\Cookie\Middleware\AddQueuedCookiesToResponse->handle(Object(Illuminate\Http\Request), Object(Closure))
#35 C:\Users\LENOVO\Desktop\PFE\Spotlight\Spotlight\vendor\laravel\framework\src\Illuminate\Cookie\Middleware\EncryptCookies.php(74): Illuminate\Pipeline\Pipeline->{closure:{closure:Illuminate\Pipeline\Pipeline::carry():194}:195}(Object(Illuminate\Http\Request))
#36 C:\Users\LENOVO\Desktop\PFE\Spotlight\Spotlight\vendor\laravel\framework\src\Illuminate\Pipeline\Pipeline.php(219): Illuminate\Cookie\Middleware\EncryptCookies->handle(Object(Illuminate\Http\Request), Object(Closure))
#37 C:\Users\LENOVO\Desktop\PFE\Spotlight\Spotlight\vendor\laravel\framework\src\Illuminate\Pipeline\Pipeline.php(137): Illuminate\Pipeline\Pipeline->{closure:{closure:Illuminate\Pipeline\Pipeline::carry():194}:195}(Object(Illuminate\Http\Request))
#38 C:\Users\LENOVO\Desktop\PFE\Spotlight\Spotlight\vendor\laravel\framework\src\Illuminate\Routing\Router.php(821): Illuminate\Pipeline\Pipeline->then(Object(Closure))
#39 C:\Users\LENOVO\Desktop\PFE\Spotlight\Spotlight\vendor\laravel\framework\src\Illuminate\Routing\Router.php(800): Illuminate\Routing\Router->runRouteWithinStack(Object(Illuminate\Routing\Route), Object(Illuminate\Http\Request))
#40 C:\Users\LENOVO\Desktop\PFE\Spotlight\Spotlight\vendor\laravel\framework\src\Illuminate\Routing\Router.php(764): Illuminate\Routing\Router->runRoute(Object(Illuminate\Http\Request), Object(Illuminate\Routing\Route))
#41 C:\Users\LENOVO\Desktop\PFE\Spotlight\Spotlight\vendor\laravel\framework\src\Illuminate\Routing\Router.php(753): Illuminate\Routing\Router->dispatchToRoute(Object(Illuminate\Http\Request))
#42 C:\Users\LENOVO\Desktop\PFE\Spotlight\Spotlight\vendor\laravel\framework\src\Illuminate\Foundation\Http\Kernel.php(200): Illuminate\Routing\Router->dispatch(Object(Illuminate\Http\Request))
#43 C:\Users\LENOVO\Desktop\PFE\Spotlight\Spotlight\vendor\laravel\framework\src\Illuminate\Pipeline\Pipeline.php(180): Illuminate\Foundation\Http\Kernel->{closure:Illuminate\Foundation\Http\Kernel::dispatchToRouter():197}(Object(Illuminate\Http\Request))
#44 C:\Users\LENOVO\Desktop\PFE\Spotlight\Spotlight\vendor\laravel\framework\src\Illuminate\Foundation\Http\Middleware\TransformsRequest.php(21): Illuminate\Pipeline\Pipeline->{closure:Illuminate\Pipeline\Pipeline::prepareDestination():178}(Object(Illuminate\Http\Request))
#45 C:\Users\LENOVO\Desktop\PFE\Spotlight\Spotlight\vendor\laravel\framework\src\Illuminate\Foundation\Http\Middleware\ConvertEmptyStringsToNull.php(31): Illuminate\Foundation\Http\Middleware\TransformsRequest->handle(Object(Illuminate\Http\Request), Object(Closure))
#46 C:\Users\LENOVO\Desktop\PFE\Spotlight\Spotlight\vendor\laravel\framework\src\Illuminate\Pipeline\Pipeline.php(219): Illuminate\Foundation\Http\Middleware\ConvertEmptyStringsToNull->handle(Object(Illuminate\Http\Request), Object(Closure))
#47 C:\Users\LENOVO\Desktop\PFE\Spotlight\Spotlight\vendor\laravel\framework\src\Illuminate\Foundation\Http\Middleware\TransformsRequest.php(21): Illuminate\Pipeline\Pipeline->{closure:{closure:Illuminate\Pipeline\Pipeline::carry():194}:195}(Object(Illuminate\Http\Request))
#48 C:\Users\LENOVO\Desktop\PFE\Spotlight\Spotlight\vendor\laravel\framework\src\Illuminate\Foundation\Http\Middleware\TrimStrings.php(51): Illuminate\Foundation\Http\Middleware\TransformsRequest->handle(Object(Illuminate\Http\Request), Object(Closure))
#49 C:\Users\LENOVO\Desktop\PFE\Spotlight\Spotlight\vendor\laravel\framework\src\Illuminate\Pipeline\Pipeline.php(219): Illuminate\Foundation\Http\Middleware\TrimStrings->handle(Object(Illuminate\Http\Request), Object(Closure))
#50 C:\Users\LENOVO\Desktop\PFE\Spotlight\Spotlight\vendor\laravel\framework\src\Illuminate\Http\Middleware\ValidatePostSize.php(27): Illuminate\Pipeline\Pipeline->{closure:{closure:Illuminate\Pipeline\Pipeline::carry():194}:195}(Object(Illuminate\Http\Request))
#51 C:\Users\LENOVO\Desktop\PFE\Spotlight\Spotlight\vendor\laravel\framework\src\Illuminate\Pipeline\Pipeline.php(219): Illuminate\Http\Middleware\ValidatePostSize->handle(Object(Illuminate\Http\Request), Object(Closure))
#52 C:\Users\LENOVO\Desktop\PFE\Spotlight\Spotlight\vendor\laravel\framework\src\Illuminate\Foundation\Http\Middleware\PreventRequestsDuringMaintenance.php(109): Illuminate\Pipeline\Pipeline->{closure:{closure:Illuminate\Pipeline\Pipeline::carry():194}:195}(Object(Illuminate\Http\Request))
#53 C:\Users\LENOVO\Desktop\PFE\Spotlight\Spotlight\vendor\laravel\framework\src\Illuminate\Pipeline\Pipeline.php(219): Illuminate\Foundation\Http\Middleware\PreventRequestsDuringMaintenance->handle(Object(Illuminate\Http\Request), Object(Closure))
#54 C:\Users\LENOVO\Desktop\PFE\Spotlight\Spotlight\vendor\laravel\framework\src\Illuminate\Http\Middleware\HandleCors.php(61): Illuminate\Pipeline\Pipeline->{closure:{closure:Illuminate\Pipeline\Pipeline::carry():194}:195}(Object(Illuminate\Http\Request))
#55 C:\Users\LENOVO\Desktop\PFE\Spotlight\Spotlight\vendor\laravel\framework\src\Illuminate\Pipeline\Pipeline.php(219): Illuminate\Http\Middleware\HandleCors->handle(Object(Illuminate\Http\Request), Object(Closure))
#56 C:\Users\LENOVO\Desktop\PFE\Spotlight\Spotlight\vendor\laravel\framework\src\Illuminate\Http\Middleware\TrustProxies.php(58): Illuminate\Pipeline\Pipeline->{closure:{closure:Illuminate\Pipeline\Pipeline::carry():194}:195}(Object(Illuminate\Http\Request))
#57 C:\Users\LENOVO\Desktop\PFE\Spotlight\Spotlight\vendor\laravel\framework\src\Illuminate\Pipeline\Pipeline.php(219): Illuminate\Http\Middleware\TrustProxies->handle(Object(Illuminate\Http\Request), Object(Closure))
#58 C:\Users\LENOVO\Desktop\PFE\Spotlight\Spotlight\vendor\laravel\framework\src\Illuminate\Foundation\Http\Middleware\InvokeDeferredCallbacks.php(22): Illuminate\Pipeline\Pipeline->{closure:{closure:Illuminate\Pipeline\Pipeline::carry():194}:195}(Object(Illuminate\Http\Request))
#59 C:\Users\LENOVO\Desktop\PFE\Spotlight\Spotlight\vendor\laravel\framework\src\Illuminate\Pipeline\Pipeline.php(219): Illuminate\Foundation\Http\Middleware\InvokeDeferredCallbacks->handle(Object(Illuminate\Http\Request), Object(Closure))
#60 C:\Users\LENOVO\Desktop\PFE\Spotlight\Spotlight\vendor\laravel\framework\src\Illuminate\Http\Middleware\ValidatePathEncoding.php(26): Illuminate\Pipeline\Pipeline->{closure:{closure:Illuminate\Pipeline\Pipeline::carry():194}:195}(Object(Illuminate\Http\Request))
#61 C:\Users\LENOVO\Desktop\PFE\Spotlight\Spotlight\vendor\laravel\framework\src\Illuminate\Pipeline\Pipeline.php(219): Illuminate\Http\Middleware\ValidatePathEncoding->handle(Object(Illuminate\Http\Request), Object(Closure))
#62 C:\Users\LENOVO\Desktop\PFE\Spotlight\Spotlight\vendor\laravel\framework\src\Illuminate\Pipeline\Pipeline.php(137): Illuminate\Pipeline\Pipeline->{closure:{closure:Illuminate\Pipeline\Pipeline::carry():194}:195}(Object(Illuminate\Http\Request))
#63 C:\Users\LENOVO\Desktop\PFE\Spotlight\Spotlight\vendor\laravel\framework\src\Illuminate\Foundation\Http\Kernel.php(175): Illuminate\Pipeline\Pipeline->then(Object(Closure))
#64 C:\Users\LENOVO\Desktop\PFE\Spotlight\Spotlight\vendor\laravel\framework\src\Illuminate\Foundation\Http\Kernel.php(144): Illuminate\Foundation\Http\Kernel->sendRequestThroughRouter(Object(Illuminate\Http\Request))
#65 C:\Users\LENOVO\Desktop\PFE\Spotlight\Spotlight\vendor\laravel\framework\src\Illuminate\Foundation\Testing\Concerns\MakesHttpRequests.php(607): Illuminate\Foundation\Http\Kernel->handle(Object(Illuminate\Http\Request))
#66 C:\Users\LENOVO\Desktop\PFE\Spotlight\Spotlight\vendor\laravel\framework\src\Illuminate\Foundation\Testing\Concerns\MakesHttpRequests.php(368): Illuminate\Foundation\Testing\TestCase->call('GET', '/login', Array, Array, Array, Array)
#67 C:\Users\LENOVO\Desktop\PFE\Spotlight\Spotlight\tests\Feature\Auth\AuthenticationTest.php(18): Illuminate\Foundation\Testing\TestCase->get('/login')
#68 C:\Users\LENOVO\Desktop\PFE\Spotlight\Spotlight\vendor\phpunit\phpunit\src\Framework\TestCase.php(1667): Tests\Feature\Auth\AuthenticationTest->test_login_screen_can_be_rendered()
#69 C:\Users\LENOVO\Desktop\PFE\Spotlight\Spotlight\vendor\phpunit\phpunit\src\Framework\TestCase.php(519): PHPUnit\Framework\TestCase->runTest()
#70 C:\Users\LENOVO\Desktop\PFE\Spotlight\Spotlight\vendor\phpunit\phpunit\src\Framework\TestRunner\TestRunner.php(87): PHPUnit\Framework\TestCase->runBare()
#71 C:\Users\LENOVO\Desktop\PFE\Spotlight\Spotlight\vendor\phpunit\phpunit\src\Framework\TestCase.php(365): PHPUnit\Framework\TestRunner->run(Object(Tests\Feature\Auth\AuthenticationTest))
#72 C:\Users\LENOVO\Desktop\PFE\Spotlight\Spotlight\vendor\phpunit\phpunit\src\Framework\TestSuite.php(369): PHPUnit\Framework\TestCase->run()
#73 C:\Users\LENOVO\Desktop\PFE\Spotlight\Spotlight\vendor\phpunit\phpunit\src\Framework\TestSuite.php(369): PHPUnit\Framework\TestSuite->run()
#74 C:\Users\LENOVO\Desktop\PFE\Spotlight\Spotlight\vendor\phpunit\phpunit\src\TextUI\TestRunner.php(64): PHPUnit\Framework\TestSuite->run()
#75 C:\Users\LENOVO\Desktop\PFE\Spotlight\Spotlight\vendor\phpunit\phpunit\src\TextUI\Application.php(211): PHPUnit\TextUI\TestRunner->run(Object(PHPUnit\TextUI\Configuration\Configuration), Object(PHPUnit\Runner\ResultCache\DefaultResultCache), Object(PHPUnit\Framework\TestSuite))
#76 C:\Users\LENOVO\Desktop\PFE\Spotlight\Spotlight\vendor\phpunit\phpunit\phpunit(104): PHPUnit\TextUI\Application->run(Array)
#77 C:\Users\LENOVO\Desktop\PFE\Spotlight\Spotlight\vendor\bin\phpunit(122): include('C:\\Users\\LENOVO...')
#78 {main}

----------------------------------------------------------------------------------

Vite manifest not found at: C:\Users\LENOVO\Desktop\PFE\Spotlight\Spotlight\public\build/manifest.json (View: C:\Users\LENOVO\Desktop\PFE\Spotlight\Spotlight\resources\views\app.blade.php)

C:\Users\LENOVO\Desktop\PFE\Spotlight\Spotlight\vendor\laravel\framework\src\Illuminate\Testing\TestResponseAssert.php:45
C:\Users\LENOVO\Desktop\PFE\Spotlight\Spotlight\vendor\laravel\framework\src\Illuminate\Testing\TestResponse.php:174
C:\Users\LENOVO\Desktop\PFE\Spotlight\Spotlight\vendor\laravel\framework\src\Illuminate\Testing\Concerns\AssertsStatusCodes.php:16
C:\Users\LENOVO\Desktop\PFE\Spotlight\Spotlight\tests\Feature\Auth\AuthenticationTest.php:20

FAILURES!
Tests: 7, Assertions: 9, Failures: 2.
